Analysis & Synthesis report for atividade1
Sun Apr 16 15:21:37 2017
Quartus II Version 9.1 Build 350 03/24/2010 Service Pack 2 SJ Web Edition


---------------------
; Table of Contents ;
---------------------
  1. Legal Notice
  2. Analysis & Synthesis Summary
  3. Analysis & Synthesis Settings
  4. Parallel Compilation
  5. Analysis & Synthesis Source Files Read
  6. Analysis & Synthesis Resource Usage Summary
  7. Analysis & Synthesis Resource Utilization by Entity
  8. Analysis & Synthesis RAM Summary
  9. State Machine - |UP|UC:uni_c|state
 10. User-Specified and Inferred Latches
 11. Registers Removed During Synthesis
 12. Removed Registers Triggering Further Register Optimizations
 13. General Register Statistics
 14. Source assignments for Memoria:memory|LPM_RAM_DQ:MEM|altram:sram|altsyncram:ram_block|altsyncram_e1a1:auto_generated
 15. Source assignments for Memoria:memory|LPM_RAM_DQ:MEM_plus_One|altram:sram|altsyncram:ram_block|altsyncram_e1a1:auto_generated
 16. Source assignments for Memoria:memory|LPM_RAM_DQ:MEM_plus_Two|altram:sram|altsyncram:ram_block|altsyncram_e1a1:auto_generated
 17. Source assignments for Memoria:memory|LPM_RAM_DQ:MEM_plus_Three|altram:sram|altsyncram:ram_block|altsyncram_e1a1:auto_generated
 18. Parameter Settings for User Entity Instance: Memoria:memory|LPM_RAM_DQ:MEM
 19. Parameter Settings for User Entity Instance: Memoria:memory|LPM_RAM_DQ:MEM_plus_One
 20. Parameter Settings for User Entity Instance: Memoria:memory|LPM_RAM_DQ:MEM_plus_Two
 21. Parameter Settings for User Entity Instance: Memoria:memory|LPM_RAM_DQ:MEM_plus_Three
 22. Port Connectivity Checks: "Mux32_3_1:comb_6"
 23. Port Connectivity Checks: "Ula32:ULA"
 24. Port Connectivity Checks: "Mux32_4_1:comb_5"
 25. Port Connectivity Checks: "UC:uni_c"
 26. Analysis & Synthesis Messages
 27. Analysis & Synthesis Suppressed Messages



----------------
; Legal Notice ;
----------------
Copyright (C) 1991-2010 Altera Corporation
Your use of Altera Corporation's design tools, logic functions 
and other software and tools, and its AMPP partner logic 
functions, and any output files from any of the foregoing 
(including device programming or simulation files), and any 
associated documentation or information are expressly subject 
to the terms and conditions of the Altera Program License 
Subscription Agreement, Altera MegaCore Function License 
Agreement, or other applicable license agreement, including, 
without limitation, that your use is for the sole purpose of 
programming logic devices manufactured by Altera and sold by 
Altera or its authorized distributors.  Please refer to the 
applicable agreement for further details.



+-----------------------------------------------------------------------------------+
; Analysis & Synthesis Summary                                                      ;
+------------------------------------+----------------------------------------------+
; Analysis & Synthesis Status        ; Successful - Sun Apr 16 15:21:37 2017        ;
; Quartus II Version                 ; 9.1 Build 350 03/24/2010 SP 2 SJ Web Edition ;
; Revision Name                      ; atividade1                                   ;
; Top-level Entity Name              ; UP                                           ;
; Family                             ; Cyclone II                                   ;
; Total logic elements               ; 43                                           ;
;     Total combinational functions  ; 10                                           ;
;     Dedicated logic registers      ; 37                                           ;
; Total registers                    ; 37                                           ;
; Total pins                         ; 194                                          ;
; Total virtual pins                 ; 0                                            ;
; Total memory bits                  ; 8,192                                        ;
; Embedded Multiplier 9-bit elements ; 0                                            ;
; Total PLLs                         ; 0                                            ;
+------------------------------------+----------------------------------------------+


+----------------------------------------------------------------------------------------------------------------------+
; Analysis & Synthesis Settings                                                                                        ;
+----------------------------------------------------------------------------+--------------------+--------------------+
; Option                                                                     ; Setting            ; Default Value      ;
+----------------------------------------------------------------------------+--------------------+--------------------+
; Device                                                                     ; EP2C70F896C6       ;                    ;
; Top-level entity name                                                      ; UP                 ; atividade1         ;
; Family name                                                                ; Cyclone II         ; Stratix II         ;
; Use Generated Physical Constraints File                                    ; Off                ;                    ;
; Use smart compilation                                                      ; Off                ; Off                ;
; Enable parallel Assembler and TimeQuest Timing Analyzer during compilation ; On                 ; On                 ;
; Enable compact report table                                                ; Off                ; Off                ;
; Restructure Multiplexers                                                   ; Auto               ; Auto               ;
; Create Debugging Nodes for IP Cores                                        ; Off                ; Off                ;
; Preserve fewer node names                                                  ; On                 ; On                 ;
; Disable OpenCore Plus hardware evaluation                                  ; Off                ; Off                ;
; Verilog Version                                                            ; Verilog_2001       ; Verilog_2001       ;
; VHDL Version                                                               ; VHDL_1993          ; VHDL_1993          ;
; State Machine Processing                                                   ; Auto               ; Auto               ;
; Safe State Machine                                                         ; Off                ; Off                ;
; Extract Verilog State Machines                                             ; On                 ; On                 ;
; Extract VHDL State Machines                                                ; On                 ; On                 ;
; Ignore Verilog initial constructs                                          ; Off                ; Off                ;
; Iteration limit for constant Verilog loops                                 ; 5000               ; 5000               ;
; Iteration limit for non-constant Verilog loops                             ; 250                ; 250                ;
; Add Pass-Through Logic to Inferred RAMs                                    ; On                 ; On                 ;
; Parallel Synthesis                                                         ; On                 ; On                 ;
; DSP Block Balancing                                                        ; Auto               ; Auto               ;
; NOT Gate Push-Back                                                         ; On                 ; On                 ;
; Power-Up Don't Care                                                        ; On                 ; On                 ;
; Remove Redundant Logic Cells                                               ; Off                ; Off                ;
; Remove Duplicate Registers                                                 ; On                 ; On                 ;
; Ignore CARRY Buffers                                                       ; Off                ; Off                ;
; Ignore CASCADE Buffers                                                     ; Off                ; Off                ;
; Ignore GLOBAL Buffers                                                      ; Off                ; Off                ;
; Ignore ROW GLOBAL Buffers                                                  ; Off                ; Off                ;
; Ignore LCELL Buffers                                                       ; Off                ; Off                ;
; Ignore SOFT Buffers                                                        ; On                 ; On                 ;
; Limit AHDL Integers to 32 Bits                                             ; Off                ; Off                ;
; Optimization Technique                                                     ; Balanced           ; Balanced           ;
; Carry Chain Length                                                         ; 70                 ; 70                 ;
; Auto Carry Chains                                                          ; On                 ; On                 ;
; Auto Open-Drain Pins                                                       ; On                 ; On                 ;
; Perform WYSIWYG Primitive Resynthesis                                      ; Off                ; Off                ;
; Auto ROM Replacement                                                       ; On                 ; On                 ;
; Auto RAM Replacement                                                       ; On                 ; On                 ;
; Auto Shift Register Replacement                                            ; Auto               ; Auto               ;
; Auto Clock Enable Replacement                                              ; On                 ; On                 ;
; Strict RAM Replacement                                                     ; Off                ; Off                ;
; Allow Synchronous Control Signals                                          ; On                 ; On                 ;
; Force Use of Synchronous Clear Signals                                     ; Off                ; Off                ;
; Auto RAM to Logic Cell Conversion                                          ; Off                ; Off                ;
; Auto Resource Sharing                                                      ; Off                ; Off                ;
; Allow Any RAM Size For Recognition                                         ; Off                ; Off                ;
; Allow Any ROM Size For Recognition                                         ; Off                ; Off                ;
; Allow Any Shift Register Size For Recognition                              ; Off                ; Off                ;
; Use LogicLock Constraints during Resource Balancing                        ; On                 ; On                 ;
; Ignore translate_off and synthesis_off directives                          ; Off                ; Off                ;
; Timing-Driven Synthesis                                                    ; Off                ; Off                ;
; Show Parameter Settings Tables in Synthesis Report                         ; On                 ; On                 ;
; Ignore Maximum Fan-Out Assignments                                         ; Off                ; Off                ;
; Synchronization Register Chain Length                                      ; 2                  ; 2                  ;
; PowerPlay Power Optimization                                               ; Normal compilation ; Normal compilation ;
; HDL message level                                                          ; Level2             ; Level2             ;
; Suppress Register Optimization Related Messages                            ; Off                ; Off                ;
; Number of Removed Registers Reported in Synthesis Report                   ; 5000               ; 5000               ;
; Number of Inverted Registers Reported in Synthesis Report                  ; 100                ; 100                ;
; Clock MUX Protection                                                       ; On                 ; On                 ;
; Auto Gated Clock Conversion                                                ; Off                ; Off                ;
; Block Design Naming                                                        ; Auto               ; Auto               ;
; SDC constraint protection                                                  ; Off                ; Off                ;
; Synthesis Effort                                                           ; Auto               ; Auto               ;
; Shift Register Replacement - Allow Asynchronous Clear Signal               ; On                 ; On                 ;
; Analysis & Synthesis Message Level                                         ; Medium             ; Medium             ;
; Disable Register Merging Across Hierarchies                                ; Auto               ; Auto               ;
; Resource Aware Inference For Block RAM                                     ; On                 ; On                 ;
+----------------------------------------------------------------------------+--------------------+--------------------+


+------------------------------------------+
; Parallel Compilation                     ;
+----------------------------+-------------+
; Processors                 ; Number      ;
+----------------------------+-------------+
; Number detected on machine ; 4           ;
; Maximum allowed            ; 4           ;
;                            ;             ;
; Average used               ; 1.00        ;
; Maximum used               ; 1           ;
;                            ;             ;
; Usage by Processor         ; % Time Used ;
;     1 processor            ; 100.0%      ;
;     2-4 processors         ;   0.0%      ;
+----------------------------+-------------+


+--------------------------------------------------------------------------------------------------------------------------------------------------------------+
; Analysis & Synthesis Source Files Read                                                                                                                       ;
+----------------------------------+-----------------+----------------------------------+----------------------------------------------------------------------+
; File Name with User-Entered Path ; Used in Netlist ; File Type                        ; File Name with Absolute Path                                         ;
+----------------------------------+-----------------+----------------------------------+----------------------------------------------------------------------+
; instrucoes.mif                   ; yes             ; User Memory Initialization File  ; C:/Users/nmf2/cpu-mips/instrucoes.mif                                ;
; Mux5_2_1.sv                      ; yes             ; User SystemVerilog HDL File      ; C:/Users/nmf2/cpu-mips/Mux5_2_1.sv                                   ;
; Mux32_2_1.sv                     ; yes             ; User SystemVerilog HDL File      ; C:/Users/nmf2/cpu-mips/Mux32_2_1.sv                                  ;
; Mux32_4_1.sv                     ; yes             ; User SystemVerilog HDL File      ; C:/Users/nmf2/cpu-mips/Mux32_4_1.sv                                  ;
; Banco_reg.vhd                    ; yes             ; User VHDL File                   ; C:/Users/nmf2/cpu-mips/Banco_reg.vhd                                 ;
; Instr_Reg.vhd                    ; yes             ; User VHDL File                   ; C:/Users/nmf2/cpu-mips/Instr_Reg.vhd                                 ;
; Memoria.vhd                      ; yes             ; User VHDL File                   ; C:/Users/nmf2/cpu-mips/Memoria.vhd                                   ;
; Registrador.vhd                  ; yes             ; User VHDL File                   ; C:/Users/nmf2/cpu-mips/Registrador.vhd                               ;
; ula32.vhd                        ; yes             ; User VHDL File                   ; C:/Users/nmf2/cpu-mips/ula32.vhd                                     ;
; UP.sv                            ; yes             ; User SystemVerilog HDL File      ; C:/Users/nmf2/cpu-mips/UP.sv                                         ;
; UC.sv                            ; yes             ; User SystemVerilog HDL File      ; C:/Users/nmf2/cpu-mips/UC.sv                                         ;
; Extensor_sinal.sv                ; yes             ; User SystemVerilog HDL File      ; C:/Users/nmf2/cpu-mips/Extensor_sinal.sv                             ;
; Mux32_3_1.sv                     ; yes             ; User SystemVerilog HDL File      ; C:/Users/nmf2/cpu-mips/Mux32_3_1.sv                                  ;
; lpm_ram_dq.tdf                   ; yes             ; Megafunction                     ; c:/users/nmf2/quartus/quartus/libraries/megafunctions/lpm_ram_dq.tdf ;
; altram.tdf                       ; yes             ; Megafunction                     ; c:/users/nmf2/quartus/quartus/libraries/megafunctions/altram.tdf     ;
; altsyncram.tdf                   ; yes             ; Megafunction                     ; c:/users/nmf2/quartus/quartus/libraries/megafunctions/altsyncram.tdf ;
; db/altsyncram_e1a1.tdf           ; yes             ; Auto-Generated Megafunction      ; C:/Users/nmf2/cpu-mips/db/altsyncram_e1a1.tdf                        ;
+----------------------------------+-----------------+----------------------------------+----------------------------------------------------------------------+


+-----------------------------------------------------+
; Analysis & Synthesis Resource Usage Summary         ;
+---------------------------------------------+-------+
; Resource                                    ; Usage ;
+---------------------------------------------+-------+
; Estimated Total logic elements              ; 43    ;
;                                             ;       ;
; Total combinational functions               ; 10    ;
; Logic element usage by number of LUT inputs ;       ;
;     -- 4 input functions                    ; 3     ;
;     -- 3 input functions                    ; 3     ;
;     -- <=2 input functions                  ; 4     ;
;                                             ;       ;
; Logic elements by mode                      ;       ;
;     -- normal mode                          ; 10    ;
;     -- arithmetic mode                      ; 0     ;
;                                             ;       ;
; Total registers                             ; 37    ;
;     -- Dedicated logic registers            ; 37    ;
;     -- I/O registers                        ; 0     ;
;                                             ;       ;
; I/O pins                                    ; 194   ;
; Total memory bits                           ; 8192  ;
; Maximum fan-out node                        ; clk   ;
; Maximum fan-out                             ; 69    ;
; Total fan-out                               ; 356   ;
; Average fan-out                             ; 1.30  ;
+---------------------------------------------+-------+


+-------------------------------------------------------------------------------------------------------------------------------------------------------------------------------------------------------------------------------------------------------------------------------------------+
; Analysis & Synthesis Resource Utilization by Entity                                                                                                                                                                                                                                       ;
+-------------------------------------------------+-------------------+--------------+-------------+--------------+---------+-----------+------+--------------+--------------------------------------------------------------------------------------------------------------+--------------+
; Compilation Hierarchy Node                      ; LC Combinationals ; LC Registers ; Memory Bits ; DSP Elements ; DSP 9x9 ; DSP 18x18 ; Pins ; Virtual Pins ; Full Hierarchy Name                                                                                          ; Library Name ;
+-------------------------------------------------+-------------------+--------------+-------------+--------------+---------+-----------+------+--------------+--------------------------------------------------------------------------------------------------------------+--------------+
; |UP                                             ; 10 (1)            ; 37 (0)       ; 8192        ; 0            ; 0       ; 0         ; 194  ; 0            ; |UP                                                                                                          ; work         ;
;    |Instr_Reg:IR|                               ; 0 (0)             ; 32 (32)      ; 0           ; 0            ; 0       ; 0         ; 0    ; 0            ; |UP|Instr_Reg:IR                                                                                             ; work         ;
;    |Memoria:memory|                             ; 0 (0)             ; 0 (0)        ; 8192        ; 0            ; 0       ; 0         ; 0    ; 0            ; |UP|Memoria:memory                                                                                           ;              ;
;       |lpm_ram_dq:MEM_plus_One|                 ; 0 (0)             ; 0 (0)        ; 2048        ; 0            ; 0       ; 0         ; 0    ; 0            ; |UP|Memoria:memory|lpm_ram_dq:MEM_plus_One                                                                   ; work         ;
;          |altram:sram|                          ; 0 (0)             ; 0 (0)        ; 2048        ; 0            ; 0       ; 0         ; 0    ; 0            ; |UP|Memoria:memory|lpm_ram_dq:MEM_plus_One|altram:sram                                                       ; work         ;
;             |altsyncram:ram_block|              ; 0 (0)             ; 0 (0)        ; 2048        ; 0            ; 0       ; 0         ; 0    ; 0            ; |UP|Memoria:memory|lpm_ram_dq:MEM_plus_One|altram:sram|altsyncram:ram_block                                  ; work         ;
;                |altsyncram_e1a1:auto_generated| ; 0 (0)             ; 0 (0)        ; 2048        ; 0            ; 0       ; 0         ; 0    ; 0            ; |UP|Memoria:memory|lpm_ram_dq:MEM_plus_One|altram:sram|altsyncram:ram_block|altsyncram_e1a1:auto_generated   ;              ;
;       |lpm_ram_dq:MEM_plus_Three|               ; 0 (0)             ; 0 (0)        ; 2048        ; 0            ; 0       ; 0         ; 0    ; 0            ; |UP|Memoria:memory|lpm_ram_dq:MEM_plus_Three                                                                 ;              ;
;          |altram:sram|                          ; 0 (0)             ; 0 (0)        ; 2048        ; 0            ; 0       ; 0         ; 0    ; 0            ; |UP|Memoria:memory|lpm_ram_dq:MEM_plus_Three|altram:sram                                                     ;              ;
;             |altsyncram:ram_block|              ; 0 (0)             ; 0 (0)        ; 2048        ; 0            ; 0       ; 0         ; 0    ; 0            ; |UP|Memoria:memory|lpm_ram_dq:MEM_plus_Three|altram:sram|altsyncram:ram_block                                ;              ;
;                |altsyncram_e1a1:auto_generated| ; 0 (0)             ; 0 (0)        ; 2048        ; 0            ; 0       ; 0         ; 0    ; 0            ; |UP|Memoria:memory|lpm_ram_dq:MEM_plus_Three|altram:sram|altsyncram:ram_block|altsyncram_e1a1:auto_generated ; work         ;
;       |lpm_ram_dq:MEM_plus_Two|                 ; 0 (0)             ; 0 (0)        ; 2048        ; 0            ; 0       ; 0         ; 0    ; 0            ; |UP|Memoria:memory|lpm_ram_dq:MEM_plus_Two                                                                   ;              ;
;          |altram:sram|                          ; 0 (0)             ; 0 (0)        ; 2048        ; 0            ; 0       ; 0         ; 0    ; 0            ; |UP|Memoria:memory|lpm_ram_dq:MEM_plus_Two|altram:sram                                                       ;              ;
;             |altsyncram:ram_block|              ; 0 (0)             ; 0 (0)        ; 2048        ; 0            ; 0       ; 0         ; 0    ; 0            ; |UP|Memoria:memory|lpm_ram_dq:MEM_plus_Two|altram:sram|altsyncram:ram_block                                  ;              ;
;                |altsyncram_e1a1:auto_generated| ; 0 (0)             ; 0 (0)        ; 2048        ; 0            ; 0       ; 0         ; 0    ; 0            ; |UP|Memoria:memory|lpm_ram_dq:MEM_plus_Two|altram:sram|altsyncram:ram_block|altsyncram_e1a1:auto_generated   ;              ;
;       |lpm_ram_dq:MEM|                          ; 0 (0)             ; 0 (0)        ; 2048        ; 0            ; 0       ; 0         ; 0    ; 0            ; |UP|Memoria:memory|lpm_ram_dq:MEM                                                                            ; work         ;
;          |altram:sram|                          ; 0 (0)             ; 0 (0)        ; 2048        ; 0            ; 0       ; 0         ; 0    ; 0            ; |UP|Memoria:memory|lpm_ram_dq:MEM|altram:sram                                                                ; work         ;
;             |altsyncram:ram_block|              ; 0 (0)             ; 0 (0)        ; 2048        ; 0            ; 0       ; 0         ; 0    ; 0            ; |UP|Memoria:memory|lpm_ram_dq:MEM|altram:sram|altsyncram:ram_block                                           ; work         ;
;                |altsyncram_e1a1:auto_generated| ; 0 (0)             ; 0 (0)        ; 2048        ; 0            ; 0       ; 0         ; 0    ; 0            ; |UP|Memoria:memory|lpm_ram_dq:MEM|altram:sram|altsyncram:ram_block|altsyncram_e1a1:auto_generated            ; work         ;
;    |Registrador:PC|                             ; 0 (0)             ; 1 (1)        ; 0           ; 0            ; 0       ; 0         ; 0    ; 0            ; |UP|Registrador:PC                                                                                           ;              ;
;    |UC:uni_c|                                   ; 8 (8)             ; 4 (4)        ; 0           ; 0            ; 0       ; 0         ; 0    ; 0            ; |UP|UC:uni_c                                                                                                 ;              ;
;    |Ula32:ULA|                                  ; 1 (1)             ; 0 (0)        ; 0           ; 0            ; 0       ; 0         ; 0    ; 0            ; |UP|Ula32:ULA                                                                                                ; work         ;
+-------------------------------------------------+-------------------+--------------+-------------+--------------+---------+-----------+------+--------------+--------------------------------------------------------------------------------------------------------------+--------------+
Note: For table entries with two numbers listed, the numbers in parentheses indicate the number of resources of the given type used by the specific entity alone. The numbers listed outside of parentheses indicate the total resources of the given type used by the specific entity and all of its sub-entities in the hierarchy.


+------------------------------------------------------------------------------------------------------------------------------------------------------------------------------------------------------------------------------+
; Analysis & Synthesis RAM Summary                                                                                                                                                                                             ;
+---------------------------------------------------------------------------------------------------------------------+------+-------------+--------------+--------------+--------------+--------------+------+----------------+
; Name                                                                                                                ; Type ; Mode        ; Port A Depth ; Port A Width ; Port B Depth ; Port B Width ; Size ; MIF            ;
+---------------------------------------------------------------------------------------------------------------------+------+-------------+--------------+--------------+--------------+--------------+------+----------------+
; Memoria:memory|lpm_ram_dq:MEM_plus_One|altram:sram|altsyncram:ram_block|altsyncram_e1a1:auto_generated|ALTSYNCRAM   ; AUTO ; Single Port ; 256          ; 8            ; --           ; --           ; 2048 ; instrucoes.mif ;
; Memoria:memory|lpm_ram_dq:MEM_plus_Three|altram:sram|altsyncram:ram_block|altsyncram_e1a1:auto_generated|ALTSYNCRAM ; AUTO ; Single Port ; 256          ; 8            ; --           ; --           ; 2048 ; instrucoes.mif ;
; Memoria:memory|lpm_ram_dq:MEM_plus_Two|altram:sram|altsyncram:ram_block|altsyncram_e1a1:auto_generated|ALTSYNCRAM   ; AUTO ; Single Port ; 256          ; 8            ; --           ; --           ; 2048 ; instrucoes.mif ;
; Memoria:memory|lpm_ram_dq:MEM|altram:sram|altsyncram:ram_block|altsyncram_e1a1:auto_generated|ALTSYNCRAM            ; AUTO ; Single Port ; 256          ; 8            ; --           ; --           ; 2048 ; instrucoes.mif ;
+---------------------------------------------------------------------------------------------------------------------+------+-------------+--------------+--------------+--------------+--------------+------+----------------+


Encoding Type:  One-Hot
+--------------------------------------------------------------------------------+
; State Machine - |UP|UC:uni_c|state                                             ;
+------------------+------------------+-------------+--------------+-------------+
; Name             ; state.RTYPE_CONT ; state.RTYPE ; state.DECODE ; state.FETCH ;
+------------------+------------------+-------------+--------------+-------------+
; state.FETCH      ; 0                ; 0           ; 0            ; 0           ;
; state.DECODE     ; 0                ; 0           ; 1            ; 1           ;
; state.RTYPE      ; 0                ; 1           ; 0            ; 1           ;
; state.RTYPE_CONT ; 1                ; 0           ; 0            ; 1           ;
+------------------+------------------+-------------+--------------+-------------+


+---------------------------------------------------------------------------------------------------+
; User-Specified and Inferred Latches                                                               ;
+----------------------------------------------------+---------------------+------------------------+
; Latch Name                                         ; Latch Enable Signal ; Free of Timing Hazards ;
+----------------------------------------------------+---------------------+------------------------+
; UC:uni_c|ALUSrcA                                   ; UC:uni_c|ALUOp      ; yes                    ;
; UC:uni_c|ALUSrcB[0]                                ; UC:uni_c|ALUOp      ; yes                    ;
; UC:uni_c|ALUOp[1]                                  ; UC:uni_c|ALUOp      ; yes                    ;
; Number of user-specified and inferred latches = 3  ;                     ;                        ;
+----------------------------------------------------+---------------------+------------------------+
Note: All latches listed above may not be present at the end of synthesis due to various synthesis optimizations.


+-------------------------------------------------------------------------------------------------------------------+
; Registers Removed During Synthesis                                                                                ;
+---------------------------------------------------------------------+---------------------------------------------+
; Register name                                                       ; Reason for Removal                          ;
+---------------------------------------------------------------------+---------------------------------------------+
; Registrador:ALUOut|Saida[0..31]                                     ; Stuck at GND due to stuck port clock_enable ;
; Registrador:mdr|Saida[0..31]                                        ; Stuck at GND due to stuck port clock_enable ;
; Banco_reg:banco_reg|Reg0[12,14,22]                                  ; Merged with Banco_reg:banco_reg|Reg0[31]    ;
; Banco_reg:banco_reg|Reg0[0,3,24,28]                                 ; Merged with Banco_reg:banco_reg|Reg0[30]    ;
; Banco_reg:banco_reg|Reg0[1..2,17,25]                                ; Merged with Banco_reg:banco_reg|Reg0[29]    ;
; Banco_reg:banco_reg|Reg0[7,11,19]                                   ; Merged with Banco_reg:banco_reg|Reg0[27]    ;
; Banco_reg:banco_reg|Reg0[4,6,18]                                    ; Merged with Banco_reg:banco_reg|Reg0[26]    ;
; Banco_reg:banco_reg|Reg0[5,15..16]                                  ; Merged with Banco_reg:banco_reg|Reg0[23]    ;
; Banco_reg:banco_reg|Reg0[9,13]                                      ; Merged with Banco_reg:banco_reg|Reg0[21]    ;
; Banco_reg:banco_reg|Reg0[8,10]                                      ; Merged with Banco_reg:banco_reg|Reg0[20]    ;
; Banco_reg:banco_reg|Reg1[26,28,30]                                  ; Merged with Banco_reg:banco_reg|Reg1[31]    ;
; Banco_reg:banco_reg|Reg1[9,17,25]                                   ; Merged with Banco_reg:banco_reg|Reg1[29]    ;
; Banco_reg:banco_reg|Reg1[15,19,23]                                  ; Merged with Banco_reg:banco_reg|Reg1[27]    ;
; Banco_reg:banco_reg|Reg1[18,20,22]                                  ; Merged with Banco_reg:banco_reg|Reg1[24]    ;
; Banco_reg:banco_reg|Reg1[5,13]                                      ; Merged with Banco_reg:banco_reg|Reg1[21]    ;
; Banco_reg:banco_reg|Reg1[10,12,14]                                  ; Merged with Banco_reg:banco_reg|Reg1[16]    ;
; Banco_reg:banco_reg|Reg1[0,3,7]                                     ; Merged with Banco_reg:banco_reg|Reg1[11]    ;
; Banco_reg:banco_reg|Reg1[2,4,6]                                     ; Merged with Banco_reg:banco_reg|Reg1[8]     ;
; Banco_reg:banco_reg|Reg2[7,11,15,19,23,27]                          ; Merged with Banco_reg:banco_reg|Reg2[31]    ;
; Banco_reg:banco_reg|Reg2[18,20,22,24,26,28]                         ; Merged with Banco_reg:banco_reg|Reg2[30]    ;
; Banco_reg:banco_reg|Reg2[5,13,21]                                   ; Merged with Banco_reg:banco_reg|Reg2[29]    ;
; Banco_reg:banco_reg|Reg2[1,9,17]                                    ; Merged with Banco_reg:banco_reg|Reg2[25]    ;
; Banco_reg:banco_reg|Reg2[4,6,8,10,12,14]                            ; Merged with Banco_reg:banco_reg|Reg2[16]    ;
; Banco_reg:banco_reg|Reg2[0]                                         ; Merged with Banco_reg:banco_reg|Reg2[2]     ;
; Banco_reg:banco_reg|Reg3[7,11,15,19,23,27]                          ; Merged with Banco_reg:banco_reg|Reg3[31]    ;
; Banco_reg:banco_reg|Reg3[18,20,22,24,26,28]                         ; Merged with Banco_reg:banco_reg|Reg3[30]    ;
; Banco_reg:banco_reg|Reg3[0,5,13,21]                                 ; Merged with Banco_reg:banco_reg|Reg3[29]    ;
; Banco_reg:banco_reg|Reg3[9,17]                                      ; Merged with Banco_reg:banco_reg|Reg3[25]    ;
; Banco_reg:banco_reg|Reg3[4,6,8,10,12,14]                            ; Merged with Banco_reg:banco_reg|Reg3[16]    ;
; Banco_reg:banco_reg|Reg3[1]                                         ; Merged with Banco_reg:banco_reg|Reg3[2]     ;
; Banco_reg:banco_reg|Reg4[5,13,21]                                   ; Merged with Banco_reg:banco_reg|Reg4[31]    ;
; Banco_reg:banco_reg|Reg4[3,7,11,15,19,23,27]                        ; Merged with Banco_reg:banco_reg|Reg4[30]    ;
; Banco_reg:banco_reg|Reg4[1,9,17,25]                                 ; Merged with Banco_reg:banco_reg|Reg4[29]    ;
; Banco_reg:banco_reg|Reg4[4,6,8,10,12,14,16,18,20,22,24,26]          ; Merged with Banco_reg:banco_reg|Reg4[28]    ;
; Banco_reg:banco_reg|Reg4[0]                                         ; Merged with Banco_reg:banco_reg|Reg4[2]     ;
; Banco_reg:banco_reg|Reg5[3,7,11,15,19,23,27]                        ; Merged with Banco_reg:banco_reg|Reg5[31]    ;
; Banco_reg:banco_reg|Reg5[6,8,10,12,14,16,18,20,22,24,26,28]         ; Merged with Banco_reg:banco_reg|Reg5[30]    ;
; Banco_reg:banco_reg|Reg5[5,13,21]                                   ; Merged with Banco_reg:banco_reg|Reg5[29]    ;
; Banco_reg:banco_reg|Reg5[1,9,17]                                    ; Merged with Banco_reg:banco_reg|Reg5[25]    ;
; Banco_reg:banco_reg|Reg5[0,2]                                       ; Merged with Banco_reg:banco_reg|Reg5[4]     ;
; Banco_reg:banco_reg|Reg6[3,7,11,15,19,23,27]                        ; Merged with Banco_reg:banco_reg|Reg6[31]    ;
; Banco_reg:banco_reg|Reg6[6,8,10,12,14,16,18,20,22,24,26,28]         ; Merged with Banco_reg:banco_reg|Reg6[30]    ;
; Banco_reg:banco_reg|Reg6[5,13,21]                                   ; Merged with Banco_reg:banco_reg|Reg6[29]    ;
; Banco_reg:banco_reg|Reg6[1,9,17]                                    ; Merged with Banco_reg:banco_reg|Reg6[25]    ;
; Banco_reg:banco_reg|Reg6[0,2]                                       ; Merged with Banco_reg:banco_reg|Reg6[4]     ;
; Banco_reg:banco_reg|Reg7[3,7,11,15,19,23,27]                        ; Merged with Banco_reg:banco_reg|Reg7[31]    ;
; Banco_reg:banco_reg|Reg7[6,8,10,12,14,16,18,20,22,24,26,28]         ; Merged with Banco_reg:banco_reg|Reg7[30]    ;
; Banco_reg:banco_reg|Reg7[5,13,21]                                   ; Merged with Banco_reg:banco_reg|Reg7[29]    ;
; Banco_reg:banco_reg|Reg7[9,17]                                      ; Merged with Banco_reg:banco_reg|Reg7[25]    ;
; Banco_reg:banco_reg|Reg7[1..2]                                      ; Merged with Banco_reg:banco_reg|Reg7[4]     ;
; Banco_reg:banco_reg|Reg8[0,2,4,6,8,10,12,14,16,18,20,22,24,26..28]  ; Merged with Banco_reg:banco_reg|Reg8[31]    ;
; Banco_reg:banco_reg|Reg8[3,7,11,15,19,23]                           ; Merged with Banco_reg:banco_reg|Reg8[29]    ;
; Banco_reg:banco_reg|Reg8[5,13,21]                                   ; Merged with Banco_reg:banco_reg|Reg8[25]    ;
; Banco_reg:banco_reg|Reg8[1,9]                                       ; Merged with Banco_reg:banco_reg|Reg8[17]    ;
; Banco_reg:banco_reg|Reg9[3,7,11,15,19,23,27]                        ; Merged with Banco_reg:banco_reg|Reg9[31]    ;
; Banco_reg:banco_reg|Reg9[0,2,4,6,8,10,12,14,16,18,20,22,24,26,28]   ; Merged with Banco_reg:banco_reg|Reg9[30]    ;
; Banco_reg:banco_reg|Reg9[5,13,21]                                   ; Merged with Banco_reg:banco_reg|Reg9[29]    ;
; Banco_reg:banco_reg|Reg9[1,9,17]                                    ; Merged with Banco_reg:banco_reg|Reg9[25]    ;
; Banco_reg:banco_reg|Reg10[3,7,11,15,19,23,27]                       ; Merged with Banco_reg:banco_reg|Reg10[31]   ;
; Banco_reg:banco_reg|Reg10[0,2,4,6,8,10,12,14,16,18,20,22,24,26,28]  ; Merged with Banco_reg:banco_reg|Reg10[30]   ;
; Banco_reg:banco_reg|Reg10[5,13,21]                                  ; Merged with Banco_reg:banco_reg|Reg10[29]   ;
; Banco_reg:banco_reg|Reg10[1,9,17]                                   ; Merged with Banco_reg:banco_reg|Reg10[25]   ;
; Banco_reg:banco_reg|Reg11[3,7,11,15,19,23,27]                       ; Merged with Banco_reg:banco_reg|Reg11[31]   ;
; Banco_reg:banco_reg|Reg11[0,2,4,6,8,10,12,14,16,18,20,22,24,26,28]  ; Merged with Banco_reg:banco_reg|Reg11[30]   ;
; Banco_reg:banco_reg|Reg11[5,13,21]                                  ; Merged with Banco_reg:banco_reg|Reg11[29]   ;
; Banco_reg:banco_reg|Reg11[1,9,17]                                   ; Merged with Banco_reg:banco_reg|Reg11[25]   ;
; Banco_reg:banco_reg|Reg12[3,7,11,15,19,23,27]                       ; Merged with Banco_reg:banco_reg|Reg12[31]   ;
; Banco_reg:banco_reg|Reg12[0,2,4,6,8,10,12,14,16,18,20,22,24,26,28]  ; Merged with Banco_reg:banco_reg|Reg12[30]   ;
; Banco_reg:banco_reg|Reg12[5,13,21]                                  ; Merged with Banco_reg:banco_reg|Reg12[29]   ;
; Banco_reg:banco_reg|Reg12[1,9,17]                                   ; Merged with Banco_reg:banco_reg|Reg12[25]   ;
; Banco_reg:banco_reg|Reg13[3,7,11,15,19,23,27]                       ; Merged with Banco_reg:banco_reg|Reg13[31]   ;
; Banco_reg:banco_reg|Reg13[0,2,4,6,8,10,12,14,16,18,20,22,24,26,28]  ; Merged with Banco_reg:banco_reg|Reg13[30]   ;
; Banco_reg:banco_reg|Reg13[5,13,21]                                  ; Merged with Banco_reg:banco_reg|Reg13[29]   ;
; Banco_reg:banco_reg|Reg13[1,9,17]                                   ; Merged with Banco_reg:banco_reg|Reg13[25]   ;
; Banco_reg:banco_reg|Reg14[3,7,11,15,19,23,27]                       ; Merged with Banco_reg:banco_reg|Reg14[31]   ;
; Banco_reg:banco_reg|Reg14[0,2,4,6,8,10,12,14,16,18,20,22,24,26,28]  ; Merged with Banco_reg:banco_reg|Reg14[30]   ;
; Banco_reg:banco_reg|Reg14[5,13,21]                                  ; Merged with Banco_reg:banco_reg|Reg14[29]   ;
; Banco_reg:banco_reg|Reg14[1,9,17]                                   ; Merged with Banco_reg:banco_reg|Reg14[25]   ;
; Banco_reg:banco_reg|Reg15[0,3,7,11,15,19,23,27]                     ; Merged with Banco_reg:banco_reg|Reg15[31]   ;
; Banco_reg:banco_reg|Reg15[1..2,4,6,8,10,12,14,16,18,20,22,24,26,28] ; Merged with Banco_reg:banco_reg|Reg15[30]   ;
; Banco_reg:banco_reg|Reg15[5,13,21]                                  ; Merged with Banco_reg:banco_reg|Reg15[29]   ;
; Banco_reg:banco_reg|Reg15[9,17]                                     ; Merged with Banco_reg:banco_reg|Reg15[25]   ;
; Banco_reg:banco_reg|Reg16[3,7,11,15,19,23,27]                       ; Merged with Banco_reg:banco_reg|Reg16[31]   ;
; Banco_reg:banco_reg|Reg16[0,2,4,6,8,10,12,14,16,18,20,22,24,26,28]  ; Merged with Banco_reg:banco_reg|Reg16[30]   ;
; Banco_reg:banco_reg|Reg16[5,13,21]                                  ; Merged with Banco_reg:banco_reg|Reg16[29]   ;
; Banco_reg:banco_reg|Reg16[1,9,17]                                   ; Merged with Banco_reg:banco_reg|Reg16[25]   ;
; Banco_reg:banco_reg|Reg17[3,7,11,15,19,23,27]                       ; Merged with Banco_reg:banco_reg|Reg17[31]   ;
; Banco_reg:banco_reg|Reg17[0,2,4,6,8,10,12,14,16,18,20,22,24,26,28]  ; Merged with Banco_reg:banco_reg|Reg17[30]   ;
; Banco_reg:banco_reg|Reg17[5,13,21]                                  ; Merged with Banco_reg:banco_reg|Reg17[29]   ;
; Banco_reg:banco_reg|Reg17[1,9,17]                                   ; Merged with Banco_reg:banco_reg|Reg17[25]   ;
; Banco_reg:banco_reg|Reg18[3,7,11,15,19,23,27]                       ; Merged with Banco_reg:banco_reg|Reg18[31]   ;
; Banco_reg:banco_reg|Reg18[0,2,4,6,8,10,12,14,16,18,20,22,24,26,28]  ; Merged with Banco_reg:banco_reg|Reg18[30]   ;
; Banco_reg:banco_reg|Reg18[5,13,21]                                  ; Merged with Banco_reg:banco_reg|Reg18[29]   ;
; Banco_reg:banco_reg|Reg18[1,9,17]                                   ; Merged with Banco_reg:banco_reg|Reg18[25]   ;
; Banco_reg:banco_reg|Reg19[3,7,11,15,19,23,27]                       ; Merged with Banco_reg:banco_reg|Reg19[31]   ;
; Banco_reg:banco_reg|Reg19[0,2,4,6,8,10,12,14,16,18,20,22,24,26,28]  ; Merged with Banco_reg:banco_reg|Reg19[30]   ;
; Banco_reg:banco_reg|Reg19[5,13,21]                                  ; Merged with Banco_reg:banco_reg|Reg19[29]   ;
; Banco_reg:banco_reg|Reg19[1,9,17]                                   ; Merged with Banco_reg:banco_reg|Reg19[25]   ;
; Banco_reg:banco_reg|Reg20[3,7,11,15,19,23,27]                       ; Merged with Banco_reg:banco_reg|Reg20[31]   ;
; Banco_reg:banco_reg|Reg20[0,2,4,6,8,10,12,14,16,18,20,22,24,26,28]  ; Merged with Banco_reg:banco_reg|Reg20[30]   ;
; Banco_reg:banco_reg|Reg20[5,13,21]                                  ; Merged with Banco_reg:banco_reg|Reg20[29]   ;
; Banco_reg:banco_reg|Reg20[1,9,17]                                   ; Merged with Banco_reg:banco_reg|Reg20[25]   ;
; Banco_reg:banco_reg|Reg21[3,7,11,15,19,23,27]                       ; Merged with Banco_reg:banco_reg|Reg21[31]   ;
; Banco_reg:banco_reg|Reg21[0,2,4,6,8,10,12,14,16,18,20,22,24,26,28]  ; Merged with Banco_reg:banco_reg|Reg21[30]   ;
; Banco_reg:banco_reg|Reg21[5,13,21]                                  ; Merged with Banco_reg:banco_reg|Reg21[29]   ;
; Banco_reg:banco_reg|Reg21[1,9,17]                                   ; Merged with Banco_reg:banco_reg|Reg21[25]   ;
; Banco_reg:banco_reg|Reg22[3,7,11,15,19,23,27]                       ; Merged with Banco_reg:banco_reg|Reg22[31]   ;
; Banco_reg:banco_reg|Reg22[0,2,4,6,8,10,12,14,16,18,20,22,24,26,28]  ; Merged with Banco_reg:banco_reg|Reg22[30]   ;
; Banco_reg:banco_reg|Reg22[5,13,21]                                  ; Merged with Banco_reg:banco_reg|Reg22[29]   ;
; Banco_reg:banco_reg|Reg22[1,9,17]                                   ; Merged with Banco_reg:banco_reg|Reg22[25]   ;
; Banco_reg:banco_reg|Reg23[3,7,11,15,19,23,27]                       ; Merged with Banco_reg:banco_reg|Reg23[31]   ;
; Banco_reg:banco_reg|Reg23[0,2,4,6,8,10,12,14,16,18,20,22,24,26,28]  ; Merged with Banco_reg:banco_reg|Reg23[30]   ;
; Banco_reg:banco_reg|Reg23[5,13,21]                                  ; Merged with Banco_reg:banco_reg|Reg23[29]   ;
; Banco_reg:banco_reg|Reg23[1,9,17]                                   ; Merged with Banco_reg:banco_reg|Reg23[25]   ;
; Banco_reg:banco_reg|Reg24[3,7,11,15,19,23,27]                       ; Merged with Banco_reg:banco_reg|Reg24[31]   ;
; Banco_reg:banco_reg|Reg24[0,2,4,6,8,10,12,14,16,18,20,22,24,26,28]  ; Merged with Banco_reg:banco_reg|Reg24[30]   ;
; Banco_reg:banco_reg|Reg24[5,13,21]                                  ; Merged with Banco_reg:banco_reg|Reg24[29]   ;
; Banco_reg:banco_reg|Reg24[1,9,17]                                   ; Merged with Banco_reg:banco_reg|Reg24[25]   ;
; Banco_reg:banco_reg|Reg25[3,7,11,15,19,23,27]                       ; Merged with Banco_reg:banco_reg|Reg25[31]   ;
; Banco_reg:banco_reg|Reg25[0,2,4,6,8,10,12,14,16,18,20,22,24,26,28]  ; Merged with Banco_reg:banco_reg|Reg25[30]   ;
; Banco_reg:banco_reg|Reg25[5,13,21]                                  ; Merged with Banco_reg:banco_reg|Reg25[29]   ;
; Banco_reg:banco_reg|Reg25[1,9,17]                                   ; Merged with Banco_reg:banco_reg|Reg25[25]   ;
; Banco_reg:banco_reg|Reg26[3,7,11,15,19,23,27]                       ; Merged with Banco_reg:banco_reg|Reg26[31]   ;
; Banco_reg:banco_reg|Reg26[0,2,4,6,8,10,12,14,16,18,20,22,24,26,28]  ; Merged with Banco_reg:banco_reg|Reg26[30]   ;
; Banco_reg:banco_reg|Reg26[5,13,21]                                  ; Merged with Banco_reg:banco_reg|Reg26[29]   ;
; Banco_reg:banco_reg|Reg26[1,9,17]                                   ; Merged with Banco_reg:banco_reg|Reg26[25]   ;
; Banco_reg:banco_reg|Reg27[3,7,11,15,19,23,27]                       ; Merged with Banco_reg:banco_reg|Reg27[31]   ;
; Banco_reg:banco_reg|Reg27[0,2,4,6,8,10,12,14,16,18,20,22,24,26,28]  ; Merged with Banco_reg:banco_reg|Reg27[30]   ;
; Banco_reg:banco_reg|Reg27[5,13,21]                                  ; Merged with Banco_reg:banco_reg|Reg27[29]   ;
; Banco_reg:banco_reg|Reg27[1,9,17]                                   ; Merged with Banco_reg:banco_reg|Reg27[25]   ;
; Banco_reg:banco_reg|Reg28[3,7,11,15,19,23,27]                       ; Merged with Banco_reg:banco_reg|Reg28[31]   ;
; Banco_reg:banco_reg|Reg28[0,2,4,6,8,10,12,14,16,18,20,22,24,26,28]  ; Merged with Banco_reg:banco_reg|Reg28[30]   ;
; Banco_reg:banco_reg|Reg28[5,13,21]                                  ; Merged with Banco_reg:banco_reg|Reg28[29]   ;
; Banco_reg:banco_reg|Reg28[1,9,17]                                   ; Merged with Banco_reg:banco_reg|Reg28[25]   ;
; Banco_reg:banco_reg|Reg29[3,7,11,15,19,23,27]                       ; Merged with Banco_reg:banco_reg|Reg29[31]   ;
; Banco_reg:banco_reg|Reg29[0,2,4,6,8,10,12,14,16,18,20,22,24,26,28]  ; Merged with Banco_reg:banco_reg|Reg29[30]   ;
; Banco_reg:banco_reg|Reg29[5,13,21]                                  ; Merged with Banco_reg:banco_reg|Reg29[29]   ;
; Banco_reg:banco_reg|Reg29[1,9,17]                                   ; Merged with Banco_reg:banco_reg|Reg29[25]   ;
; Banco_reg:banco_reg|Reg30[3,7,11,15,19,23,27]                       ; Merged with Banco_reg:banco_reg|Reg30[31]   ;
; Banco_reg:banco_reg|Reg30[0,2,4,6,8,10,12,14,16,18,20,22,24,26,28]  ; Merged with Banco_reg:banco_reg|Reg30[30]   ;
; Banco_reg:banco_reg|Reg30[5,13,21]                                  ; Merged with Banco_reg:banco_reg|Reg30[29]   ;
; Banco_reg:banco_reg|Reg30[1,9,17]                                   ; Merged with Banco_reg:banco_reg|Reg30[25]   ;
; Banco_reg:banco_reg|Reg31[3,7,11,15,19,23,27]                       ; Merged with Banco_reg:banco_reg|Reg31[31]   ;
; Banco_reg:banco_reg|Reg31[0..2,4,6,8,10,12,14,16,18,20,22,24,26,28] ; Merged with Banco_reg:banco_reg|Reg31[30]   ;
; Banco_reg:banco_reg|Reg31[5,13,21]                                  ; Merged with Banco_reg:banco_reg|Reg31[29]   ;
; Banco_reg:banco_reg|Reg31[9,17]                                     ; Merged with Banco_reg:banco_reg|Reg31[25]   ;
; Banco_reg:banco_reg|Reg0[20..21,23,26..27,29..30]                   ; Merged with Banco_reg:banco_reg|Reg0[31]    ;
; Banco_reg:banco_reg|Reg1[1,16,21,24,27,29]                          ; Merged with Banco_reg:banco_reg|Reg1[31]    ;
; Banco_reg:banco_reg|Reg1[8]                                         ; Merged with Banco_reg:banco_reg|Reg1[11]    ;
; Banco_reg:banco_reg|Reg2[2..3,16,25,29..30]                         ; Merged with Banco_reg:banco_reg|Reg2[31]    ;
; Banco_reg:banco_reg|Reg3[3,16,25,29..30]                            ; Merged with Banco_reg:banco_reg|Reg3[31]    ;
; Banco_reg:banco_reg|Reg4[28,30]                                     ; Merged with Banco_reg:banco_reg|Reg4[31]    ;
; Banco_reg:banco_reg|Reg4[2]                                         ; Merged with Banco_reg:banco_reg|Reg4[29]    ;
; Banco_reg:banco_reg|Reg5[4,25,29]                                   ; Merged with Banco_reg:banco_reg|Reg5[30]    ;
; Banco_reg:banco_reg|Reg6[4,25,29..30]                               ; Merged with Banco_reg:banco_reg|Reg6[31]    ;
; Banco_reg:banco_reg|Reg7[0,4,25,29..30]                             ; Merged with Banco_reg:banco_reg|Reg7[31]    ;
; Banco_reg:banco_reg|Reg8[17,25,29..30]                              ; Merged with Banco_reg:banco_reg|Reg8[31]    ;
; Banco_reg:banco_reg|Reg9[25,29..30]                                 ; Merged with Banco_reg:banco_reg|Reg9[31]    ;
; Banco_reg:banco_reg|Reg10[25,29..30]                                ; Merged with Banco_reg:banco_reg|Reg10[31]   ;
; Banco_reg:banco_reg|Reg11[25,30]                                    ; Merged with Banco_reg:banco_reg|Reg11[31]   ;
; Banco_reg:banco_reg|Reg12[29]                                       ; Merged with Banco_reg:banco_reg|Reg12[31]   ;
; Banco_reg:banco_reg|Reg12[25]                                       ; Merged with Banco_reg:banco_reg|Reg12[30]   ;
; Banco_reg:banco_reg|Reg13[25,29]                                    ; Merged with Banco_reg:banco_reg|Reg13[30]   ;
; Banco_reg:banco_reg|Reg14[25,29..30]                                ; Merged with Banco_reg:banco_reg|Reg14[31]   ;
; Banco_reg:banco_reg|Reg15[25,29..30]                                ; Merged with Banco_reg:banco_reg|Reg15[31]   ;
; Banco_reg:banco_reg|Reg16[25,29..30]                                ; Merged with Banco_reg:banco_reg|Reg16[31]   ;
; Banco_reg:banco_reg|Reg17[25,29..30]                                ; Merged with Banco_reg:banco_reg|Reg17[31]   ;
; Banco_reg:banco_reg|Reg18[25,29..30]                                ; Merged with Banco_reg:banco_reg|Reg18[31]   ;
; Banco_reg:banco_reg|Reg19[25,29..30]                                ; Merged with Banco_reg:banco_reg|Reg19[31]   ;
; Banco_reg:banco_reg|Reg20[25,29..30]                                ; Merged with Banco_reg:banco_reg|Reg20[31]   ;
; Banco_reg:banco_reg|Reg21[25,29..30]                                ; Merged with Banco_reg:banco_reg|Reg21[31]   ;
; Banco_reg:banco_reg|Reg22[25,30]                                    ; Merged with Banco_reg:banco_reg|Reg22[31]   ;
; Banco_reg:banco_reg|Reg23[25,29..30]                                ; Merged with Banco_reg:banco_reg|Reg23[31]   ;
; Banco_reg:banco_reg|Reg24[25,30]                                    ; Merged with Banco_reg:banco_reg|Reg24[31]   ;
; Banco_reg:banco_reg|Reg25[25,29..30]                                ; Merged with Banco_reg:banco_reg|Reg25[31]   ;
; Banco_reg:banco_reg|Reg26[25,29..30]                                ; Merged with Banco_reg:banco_reg|Reg26[31]   ;
; Banco_reg:banco_reg|Reg27[25,29..30]                                ; Merged with Banco_reg:banco_reg|Reg27[31]   ;
; Banco_reg:banco_reg|Reg28[29]                                       ; Merged with Banco_reg:banco_reg|Reg28[31]   ;
; Banco_reg:banco_reg|Reg28[25]                                       ; Merged with Banco_reg:banco_reg|Reg28[30]   ;
; Banco_reg:banco_reg|Reg29[29]                                       ; Merged with Banco_reg:banco_reg|Reg29[31]   ;
; Banco_reg:banco_reg|Reg29[25]                                       ; Merged with Banco_reg:banco_reg|Reg29[30]   ;
; Banco_reg:banco_reg|Reg30[29]                                       ; Merged with Banco_reg:banco_reg|Reg30[31]   ;
; Banco_reg:banco_reg|Reg30[25]                                       ; Merged with Banco_reg:banco_reg|Reg30[30]   ;
; Banco_reg:banco_reg|Reg31[29]                                       ; Merged with Banco_reg:banco_reg|Reg31[31]   ;
; Banco_reg:banco_reg|Reg31[25]                                       ; Merged with Banco_reg:banco_reg|Reg31[30]   ;
; Banco_reg:banco_reg|Reg1[11]                                        ; Merged with Banco_reg:banco_reg|Reg1[31]    ;
; Banco_reg:banco_reg|Reg3[2]                                         ; Merged with Banco_reg:banco_reg|Reg3[31]    ;
; Banco_reg:banco_reg|Reg4[29]                                        ; Merged with Banco_reg:banco_reg|Reg4[31]    ;
; Banco_reg:banco_reg|Reg5[30]                                        ; Merged with Banco_reg:banco_reg|Reg5[31]    ;
; Banco_reg:banco_reg|Reg11[29]                                       ; Merged with Banco_reg:banco_reg|Reg11[31]   ;
; Banco_reg:banco_reg|Reg12[30]                                       ; Merged with Banco_reg:banco_reg|Reg12[31]   ;
; Banco_reg:banco_reg|Reg13[30]                                       ; Merged with Banco_reg:banco_reg|Reg13[31]   ;
; Banco_reg:banco_reg|Reg22[29]                                       ; Merged with Banco_reg:banco_reg|Reg22[31]   ;
; Banco_reg:banco_reg|Reg24[29]                                       ; Merged with Banco_reg:banco_reg|Reg24[31]   ;
; Banco_reg:banco_reg|Reg28[30]                                       ; Merged with Banco_reg:banco_reg|Reg28[31]   ;
; Banco_reg:banco_reg|Reg29[30]                                       ; Merged with Banco_reg:banco_reg|Reg29[31]   ;
; Banco_reg:banco_reg|Reg30[30]                                       ; Merged with Banco_reg:banco_reg|Reg30[31]   ;
; Banco_reg:banco_reg|Reg31[30]                                       ; Merged with Banco_reg:banco_reg|Reg31[31]   ;
; Registrador:B|Saida[0..30]                                          ; Merged with Registrador:B|Saida[31]         ;
; Registrador:A|Saida[0..30]                                          ; Merged with Registrador:A|Saida[31]         ;
; Banco_reg:banco_reg|Reg0[31]                                        ; Stuck at GND due to stuck port data_in      ;
; Banco_reg:banco_reg|Reg1[31]                                        ; Stuck at GND due to stuck port data_in      ;
; Banco_reg:banco_reg|Reg2[31]                                        ; Stuck at GND due to stuck port data_in      ;
; Banco_reg:banco_reg|Reg3[31]                                        ; Stuck at GND due to stuck port data_in      ;
; Banco_reg:banco_reg|Reg4[31]                                        ; Stuck at GND due to stuck port data_in      ;
; Banco_reg:banco_reg|Reg5[31]                                        ; Stuck at GND due to stuck port data_in      ;
; Banco_reg:banco_reg|Reg6[31]                                        ; Stuck at GND due to stuck port data_in      ;
; Banco_reg:banco_reg|Reg7[31]                                        ; Stuck at GND due to stuck port data_in      ;
; Banco_reg:banco_reg|Reg8[31]                                        ; Stuck at GND due to stuck port data_in      ;
; Banco_reg:banco_reg|Reg9[31]                                        ; Stuck at GND due to stuck port data_in      ;
; Banco_reg:banco_reg|Reg10[31]                                       ; Stuck at GND due to stuck port data_in      ;
; Banco_reg:banco_reg|Reg11[31]                                       ; Stuck at GND due to stuck port data_in      ;
; Banco_reg:banco_reg|Reg12[31]                                       ; Stuck at GND due to stuck port data_in      ;
; Banco_reg:banco_reg|Reg13[31]                                       ; Stuck at GND due to stuck port data_in      ;
; Banco_reg:banco_reg|Reg14[31]                                       ; Stuck at GND due to stuck port data_in      ;
; Banco_reg:banco_reg|Reg15[31]                                       ; Stuck at GND due to stuck port data_in      ;
; Banco_reg:banco_reg|Reg16[31]                                       ; Stuck at GND due to stuck port data_in      ;
; Banco_reg:banco_reg|Reg17[31]                                       ; Stuck at GND due to stuck port data_in      ;
; Banco_reg:banco_reg|Reg18[31]                                       ; Stuck at GND due to stuck port data_in      ;
; Banco_reg:banco_reg|Reg19[31]                                       ; Stuck at GND due to stuck port data_in      ;
; Banco_reg:banco_reg|Reg20[31]                                       ; Stuck at GND due to stuck port data_in      ;
; Banco_reg:banco_reg|Reg21[31]                                       ; Stuck at GND due to stuck port data_in      ;
; Banco_reg:banco_reg|Reg22[31]                                       ; Stuck at GND due to stuck port data_in      ;
; Banco_reg:banco_reg|Reg23[31]                                       ; Stuck at GND due to stuck port data_in      ;
; Banco_reg:banco_reg|Reg24[31]                                       ; Stuck at GND due to stuck port data_in      ;
; Banco_reg:banco_reg|Reg25[31]                                       ; Stuck at GND due to stuck port data_in      ;
; Banco_reg:banco_reg|Reg26[31]                                       ; Stuck at GND due to stuck port data_in      ;
; Banco_reg:banco_reg|Reg27[31]                                       ; Stuck at GND due to stuck port data_in      ;
; Banco_reg:banco_reg|Reg28[31]                                       ; Stuck at GND due to stuck port data_in      ;
; Banco_reg:banco_reg|Reg29[31]                                       ; Stuck at GND due to stuck port data_in      ;
; Banco_reg:banco_reg|Reg30[31]                                       ; Stuck at GND due to stuck port data_in      ;
; Banco_reg:banco_reg|Reg31[31]                                       ; Stuck at GND due to stuck port data_in      ;
; Registrador:A|Saida[31]                                             ; Stuck at GND due to stuck port data_in      ;
; Registrador:B|Saida[31]                                             ; Stuck at GND due to stuck port data_in      ;
; Registrador:PC|Saida[0..1]                                          ; Stuck at GND due to stuck port data_in      ;
; UC:uni_c|state~8                                                    ; Lost fanout                                 ;
; UC:uni_c|state~9                                                    ; Lost fanout                                 ;
; UC:uni_c|state~10                                                   ; Lost fanout                                 ;
; Registrador:PC|Saida[3]                                             ; Merged with Registrador:PC|Saida[2]         ;
; Registrador:PC|Saida[5]                                             ; Merged with Registrador:PC|Saida[4]         ;
; Registrador:PC|Saida[7]                                             ; Merged with Registrador:PC|Saida[6]         ;
; Registrador:PC|Saida[9]                                             ; Merged with Registrador:PC|Saida[8]         ;
; Registrador:PC|Saida[11]                                            ; Merged with Registrador:PC|Saida[10]        ;
; Registrador:PC|Saida[13]                                            ; Merged with Registrador:PC|Saida[12]        ;
; Registrador:PC|Saida[15]                                            ; Merged with Registrador:PC|Saida[14]        ;
; Registrador:PC|Saida[17]                                            ; Merged with Registrador:PC|Saida[16]        ;
; Registrador:PC|Saida[19]                                            ; Merged with Registrador:PC|Saida[18]        ;
; Registrador:PC|Saida[21]                                            ; Merged with Registrador:PC|Saida[20]        ;
; Registrador:PC|Saida[23]                                            ; Merged with Registrador:PC|Saida[22]        ;
; Registrador:PC|Saida[25]                                            ; Merged with Registrador:PC|Saida[24]        ;
; Registrador:PC|Saida[27]                                            ; Merged with Registrador:PC|Saida[26]        ;
; Registrador:PC|Saida[29]                                            ; Merged with Registrador:PC|Saida[28]        ;
; Registrador:PC|Saida[31]                                            ; Merged with Registrador:PC|Saida[30]        ;
; Registrador:PC|Saida[4,6,8,10,12,14,16,18,20,22,24,26,28,30]        ; Merged with Registrador:PC|Saida[2]         ;
; Total Number of Removed Registers = 1186                            ;                                             ;
+---------------------------------------------------------------------+---------------------------------------------+


+--------------------------------------------------------------------------------------------------------------------------------------------------+
; Removed Registers Triggering Further Register Optimizations                                                                                      ;
+------------------------------+--------------------------------+----------------------------------------------------------------------------------+
; Register name                ; Reason for Removal             ; Registers Removed due to This Register                                           ;
+------------------------------+--------------------------------+----------------------------------------------------------------------------------+
; Registrador:ALUOut|Saida[31] ; Stuck at GND                   ; Banco_reg:banco_reg|Reg0[31], Banco_reg:banco_reg|Reg1[31],                      ;
;                              ; due to stuck port clock_enable ; Banco_reg:banco_reg|Reg2[31], Banco_reg:banco_reg|Reg3[31],                      ;
;                              ;                                ; Banco_reg:banco_reg|Reg4[31], Banco_reg:banco_reg|Reg5[31],                      ;
;                              ;                                ; Banco_reg:banco_reg|Reg6[31], Banco_reg:banco_reg|Reg7[31],                      ;
;                              ;                                ; Banco_reg:banco_reg|Reg8[31], Banco_reg:banco_reg|Reg9[31],                      ;
;                              ;                                ; Banco_reg:banco_reg|Reg10[31], Banco_reg:banco_reg|Reg11[31],                    ;
;                              ;                                ; Banco_reg:banco_reg|Reg12[31], Banco_reg:banco_reg|Reg13[31],                    ;
;                              ;                                ; Banco_reg:banco_reg|Reg14[31], Banco_reg:banco_reg|Reg15[31],                    ;
;                              ;                                ; Banco_reg:banco_reg|Reg16[31], Banco_reg:banco_reg|Reg17[31],                    ;
;                              ;                                ; Banco_reg:banco_reg|Reg18[31], Banco_reg:banco_reg|Reg19[31],                    ;
;                              ;                                ; Banco_reg:banco_reg|Reg20[31], Banco_reg:banco_reg|Reg21[31],                    ;
;                              ;                                ; Banco_reg:banco_reg|Reg22[31], Banco_reg:banco_reg|Reg23[31],                    ;
;                              ;                                ; Banco_reg:banco_reg|Reg24[31], Banco_reg:banco_reg|Reg25[31],                    ;
;                              ;                                ; Banco_reg:banco_reg|Reg26[31], Banco_reg:banco_reg|Reg27[31],                    ;
;                              ;                                ; Banco_reg:banco_reg|Reg28[31], Banco_reg:banco_reg|Reg29[31],                    ;
;                              ;                                ; Banco_reg:banco_reg|Reg30[31], Banco_reg:banco_reg|Reg31[31],                    ;
;                              ;                                ; Registrador:A|Saida[31], Registrador:B|Saida[31], Registrador:PC|Saida[0],       ;
;                              ;                                ; Registrador:PC|Saida[1]                                                          ;
; Registrador:ALUOut|Saida[7]  ; Stuck at GND                   ; Registrador:mdr|Saida[31], Registrador:mdr|Saida[30], Registrador:mdr|Saida[29], ;
;                              ; due to stuck port clock_enable ; Registrador:mdr|Saida[28], Registrador:mdr|Saida[27], Registrador:mdr|Saida[26], ;
;                              ;                                ; Registrador:mdr|Saida[25], Registrador:mdr|Saida[24], Registrador:mdr|Saida[23], ;
;                              ;                                ; Registrador:mdr|Saida[22], Registrador:mdr|Saida[21], Registrador:mdr|Saida[20], ;
;                              ;                                ; Registrador:mdr|Saida[19], Registrador:mdr|Saida[18], Registrador:mdr|Saida[17], ;
;                              ;                                ; Registrador:mdr|Saida[16], Registrador:mdr|Saida[15], Registrador:mdr|Saida[14], ;
;                              ;                                ; Registrador:mdr|Saida[13], Registrador:mdr|Saida[12], Registrador:mdr|Saida[11], ;
;                              ;                                ; Registrador:mdr|Saida[10], Registrador:mdr|Saida[9], Registrador:mdr|Saida[8],   ;
;                              ;                                ; Registrador:mdr|Saida[7], Registrador:mdr|Saida[6], Registrador:mdr|Saida[5],    ;
;                              ;                                ; Registrador:mdr|Saida[4], Registrador:mdr|Saida[3], Registrador:mdr|Saida[2],    ;
;                              ;                                ; Registrador:mdr|Saida[1], Registrador:mdr|Saida[0]                               ;
+------------------------------+--------------------------------+----------------------------------------------------------------------------------+


+------------------------------------------------------+
; General Register Statistics                          ;
+----------------------------------------------+-------+
; Statistic                                    ; Value ;
+----------------------------------------------+-------+
; Total registers                              ; 37    ;
; Number of registers using Synchronous Clear  ; 0     ;
; Number of registers using Synchronous Load   ; 0     ;
; Number of registers using Asynchronous Clear ; 36    ;
; Number of registers using Asynchronous Load  ; 0     ;
; Number of registers using Clock Enable       ; 0     ;
; Number of registers using Preset             ; 0     ;
+----------------------------------------------+-------+


+----------------------------------------------------------------------------------------------------------------------+
; Source assignments for Memoria:memory|LPM_RAM_DQ:MEM|altram:sram|altsyncram:ram_block|altsyncram_e1a1:auto_generated ;
+---------------------------------+--------------------+------+--------------------------------------------------------+
; Assignment                      ; Value              ; From ; To                                                     ;
+---------------------------------+--------------------+------+--------------------------------------------------------+
; OPTIMIZE_POWER_DURING_SYNTHESIS ; NORMAL_COMPILATION ; -    ; -                                                      ;
+---------------------------------+--------------------+------+--------------------------------------------------------+


+-------------------------------------------------------------------------------------------------------------------------------+
; Source assignments for Memoria:memory|LPM_RAM_DQ:MEM_plus_One|altram:sram|altsyncram:ram_block|altsyncram_e1a1:auto_generated ;
+---------------------------------+--------------------+------+-----------------------------------------------------------------+
; Assignment                      ; Value              ; From ; To                                                              ;
+---------------------------------+--------------------+------+-----------------------------------------------------------------+
; OPTIMIZE_POWER_DURING_SYNTHESIS ; NORMAL_COMPILATION ; -    ; -                                                               ;
+---------------------------------+--------------------+------+-----------------------------------------------------------------+


+-------------------------------------------------------------------------------------------------------------------------------+
; Source assignments for Memoria:memory|LPM_RAM_DQ:MEM_plus_Two|altram:sram|altsyncram:ram_block|altsyncram_e1a1:auto_generated ;
+---------------------------------+--------------------+------+-----------------------------------------------------------------+
; Assignment                      ; Value              ; From ; To                                                              ;
+---------------------------------+--------------------+------+-----------------------------------------------------------------+
; OPTIMIZE_POWER_DURING_SYNTHESIS ; NORMAL_COMPILATION ; -    ; -                                                               ;
+---------------------------------+--------------------+------+-----------------------------------------------------------------+


+---------------------------------------------------------------------------------------------------------------------------------+
; Source assignments for Memoria:memory|LPM_RAM_DQ:MEM_plus_Three|altram:sram|altsyncram:ram_block|altsyncram_e1a1:auto_generated ;
+---------------------------------+--------------------+------+-------------------------------------------------------------------+
; Assignment                      ; Value              ; From ; To                                                                ;
+---------------------------------+--------------------+------+-------------------------------------------------------------------+
; OPTIMIZE_POWER_DURING_SYNTHESIS ; NORMAL_COMPILATION ; -    ; -                                                                 ;
+---------------------------------+--------------------+------+-------------------------------------------------------------------+


+----------------------------------------------------------------------------+
; Parameter Settings for User Entity Instance: Memoria:memory|LPM_RAM_DQ:MEM ;
+------------------------+----------------+----------------------------------+
; Parameter Name         ; Value          ; Type                             ;
+------------------------+----------------+----------------------------------+
; LPM_WIDTH              ; 8              ; Signed Integer                   ;
; LPM_WIDTHAD            ; 8              ; Signed Integer                   ;
; LPM_NUMWORDS           ; 0              ; Signed Integer                   ;
; LPM_INDATA             ; REGISTERED     ; Untyped                          ;
; LPM_ADDRESS_CONTROL    ; REGISTERED     ; Untyped                          ;
; LPM_OUTDATA            ; REGISTERED     ; Untyped                          ;
; LPM_FILE               ; instrucoes.mif ; Untyped                          ;
; USE_EAB                ; ON             ; Untyped                          ;
; DEVICE_FAMILY          ; Cyclone II     ; Untyped                          ;
; CBXI_PARAMETER         ; NOTHING        ; Untyped                          ;
; AUTO_CARRY_CHAINS      ; ON             ; AUTO_CARRY                       ;
; IGNORE_CARRY_BUFFERS   ; OFF            ; IGNORE_CARRY                     ;
; AUTO_CASCADE_CHAINS    ; ON             ; AUTO_CASCADE                     ;
; IGNORE_CASCADE_BUFFERS ; OFF            ; IGNORE_CASCADE                   ;
+------------------------+----------------+----------------------------------+
Note: In order to hide this table in the UI and the text report file, please set the "Show Parameter Settings Tables in Synthesis Report" option in "Analysis and Synthesis Settings -> More Settings" to "Off".


+-------------------------------------------------------------------------------------+
; Parameter Settings for User Entity Instance: Memoria:memory|LPM_RAM_DQ:MEM_plus_One ;
+------------------------+----------------+-------------------------------------------+
; Parameter Name         ; Value          ; Type                                      ;
+------------------------+----------------+-------------------------------------------+
; LPM_WIDTH              ; 8              ; Signed Integer                            ;
; LPM_WIDTHAD            ; 8              ; Signed Integer                            ;
; LPM_NUMWORDS           ; 0              ; Signed Integer                            ;
; LPM_INDATA             ; REGISTERED     ; Untyped                                   ;
; LPM_ADDRESS_CONTROL    ; REGISTERED     ; Untyped                                   ;
; LPM_OUTDATA            ; REGISTERED     ; Untyped                                   ;
; LPM_FILE               ; instrucoes.mif ; Untyped                                   ;
; USE_EAB                ; ON             ; Untyped                                   ;
; DEVICE_FAMILY          ; Cyclone II     ; Untyped                                   ;
; CBXI_PARAMETER         ; NOTHING        ; Untyped                                   ;
; AUTO_CARRY_CHAINS      ; ON             ; AUTO_CARRY                                ;
; IGNORE_CARRY_BUFFERS   ; OFF            ; IGNORE_CARRY                              ;
; AUTO_CASCADE_CHAINS    ; ON             ; AUTO_CASCADE                              ;
; IGNORE_CASCADE_BUFFERS ; OFF            ; IGNORE_CASCADE                            ;
+------------------------+----------------+-------------------------------------------+
Note: In order to hide this table in the UI and the text report file, please set the "Show Parameter Settings Tables in Synthesis Report" option in "Analysis and Synthesis Settings -> More Settings" to "Off".


+-------------------------------------------------------------------------------------+
; Parameter Settings for User Entity Instance: Memoria:memory|LPM_RAM_DQ:MEM_plus_Two ;
+------------------------+----------------+-------------------------------------------+
; Parameter Name         ; Value          ; Type                                      ;
+------------------------+----------------+-------------------------------------------+
; LPM_WIDTH              ; 8              ; Signed Integer                            ;
; LPM_WIDTHAD            ; 8              ; Signed Integer                            ;
; LPM_NUMWORDS           ; 0              ; Signed Integer                            ;
; LPM_INDATA             ; REGISTERED     ; Untyped                                   ;
; LPM_ADDRESS_CONTROL    ; REGISTERED     ; Untyped                                   ;
; LPM_OUTDATA            ; REGISTERED     ; Untyped                                   ;
; LPM_FILE               ; instrucoes.mif ; Untyped                                   ;
; USE_EAB                ; ON             ; Untyped                                   ;
; DEVICE_FAMILY          ; Cyclone II     ; Untyped                                   ;
; CBXI_PARAMETER         ; NOTHING        ; Untyped                                   ;
; AUTO_CARRY_CHAINS      ; ON             ; AUTO_CARRY                                ;
; IGNORE_CARRY_BUFFERS   ; OFF            ; IGNORE_CARRY                              ;
; AUTO_CASCADE_CHAINS    ; ON             ; AUTO_CASCADE                              ;
; IGNORE_CASCADE_BUFFERS ; OFF            ; IGNORE_CASCADE                            ;
+------------------------+----------------+-------------------------------------------+
Note: In order to hide this table in the UI and the text report file, please set the "Show Parameter Settings Tables in Synthesis Report" option in "Analysis and Synthesis Settings -> More Settings" to "Off".


+---------------------------------------------------------------------------------------+
; Parameter Settings for User Entity Instance: Memoria:memory|LPM_RAM_DQ:MEM_plus_Three ;
+------------------------+----------------+---------------------------------------------+
; Parameter Name         ; Value          ; Type                                        ;
+------------------------+----------------+---------------------------------------------+
; LPM_WIDTH              ; 8              ; Signed Integer                              ;
; LPM_WIDTHAD            ; 8              ; Signed Integer                              ;
; LPM_NUMWORDS           ; 0              ; Signed Integer                              ;
; LPM_INDATA             ; REGISTERED     ; Untyped                                     ;
; LPM_ADDRESS_CONTROL    ; REGISTERED     ; Untyped                                     ;
; LPM_OUTDATA            ; REGISTERED     ; Untyped                                     ;
; LPM_FILE               ; instrucoes.mif ; Untyped                                     ;
; USE_EAB                ; ON             ; Untyped                                     ;
; DEVICE_FAMILY          ; Cyclone II     ; Untyped                                     ;
; CBXI_PARAMETER         ; NOTHING        ; Untyped                                     ;
; AUTO_CARRY_CHAINS      ; ON             ; AUTO_CARRY                                  ;
; IGNORE_CARRY_BUFFERS   ; OFF            ; IGNORE_CARRY                                ;
; AUTO_CASCADE_CHAINS    ; ON             ; AUTO_CASCADE                                ;
; IGNORE_CASCADE_BUFFERS ; OFF            ; IGNORE_CASCADE                              ;
+------------------------+----------------+---------------------------------------------+
Note: In order to hide this table in the UI and the text report file, please set the "Show Parameter Settings Tables in Synthesis Report" option in "Analysis and Synthesis Settings -> More Settings" to "Off".


+----------------------------------------------+
; Port Connectivity Checks: "Mux32_3_1:comb_6" ;
+---------+-------+----------+-----------------+
; Port    ; Type  ; Severity ; Details         ;
+---------+-------+----------+-----------------+
; C[1..0] ; Input ; Info     ; Stuck at GND    ;
+---------+-------+----------+-----------------+


+--------------------------------------------------------------------------------------------------------------------+
; Port Connectivity Checks: "Ula32:ULA"                                                                              ;
+----------+--------+----------+-------------------------------------------------------------------------------------+
; Port     ; Type   ; Severity ; Details                                                                             ;
+----------+--------+----------+-------------------------------------------------------------------------------------+
; overflow ; Output ; Info     ; Connected to dangling logic. Logic that only feeds a dangling port will be removed. ;
; negativo ; Output ; Info     ; Connected to dangling logic. Logic that only feeds a dangling port will be removed. ;
; igual    ; Output ; Info     ; Connected to dangling logic. Logic that only feeds a dangling port will be removed. ;
; maior    ; Output ; Info     ; Connected to dangling logic. Logic that only feeds a dangling port will be removed. ;
; menor    ; Output ; Info     ; Connected to dangling logic. Logic that only feeds a dangling port will be removed. ;
+----------+--------+----------+-------------------------------------------------------------------------------------+


+----------------------------------------------+
; Port Connectivity Checks: "Mux32_4_1:comb_5" ;
+----------+-------+----------+----------------+
; Port     ; Type  ; Severity ; Details        ;
+----------+-------+----------+----------------+
; B[31..3] ; Input ; Info     ; Stuck at GND   ;
; B[1..0]  ; Input ; Info     ; Stuck at GND   ;
; B[2]     ; Input ; Info     ; Stuck at VCC   ;
; D[1..0]  ; Input ; Info     ; Stuck at GND   ;
+----------+-------+----------+----------------+


+------------------------------------------------------------------------------------------------------------------------------------------------------------------------------------------------------+
; Port Connectivity Checks: "UC:uni_c"                                                                                                                                                                 ;
+----------+--------+----------+-----------------------------------------------------------------------------------------------------------------------------------------------------------------------+
; Port     ; Type   ; Severity ; Details                                                                                                                                                               ;
+----------+--------+----------+-----------------------------------------------------------------------------------------------------------------------------------------------------------------------+
; PCSource ; Output ; Warning  ; Output or bidir port (1 bits) is smaller than the port expression (2 bits) it drives.  The 1 most-significant bit(s) in the port expression will be connected to GND. ;
+----------+--------+----------+-----------------------------------------------------------------------------------------------------------------------------------------------------------------------+


+-------------------------------+
; Analysis & Synthesis Messages ;
+-------------------------------+
Info: *******************************************************************
Info: Running Quartus II Analysis & Synthesis
    Info: Version 9.1 Build 350 03/24/2010 Service Pack 2 SJ Web Edition
    Info: Processing started: Sun Apr 16 15:21:33 2017
Info: Command: quartus_map --read_settings_files=on --write_settings_files=off atividade1 -c atividade1
Info: Parallel compilation is enabled and will use 4 of the 4 processors detected
Info: Found 1 design units, including 1 entities, in source file shift_left2.sv
    Info: Found entity 1: Shift_left2
Info: Found 1 design units, including 1 entities, in source file mux5_2_1.sv
    Info: Found entity 1: Mux5_2_1
Info: Found 1 design units, including 1 entities, in source file mux32_2_1.sv
    Info: Found entity 1: Mux32_2_1
Info: Found 1 design units, including 1 entities, in source file mux32_4_1.sv
    Info: Found entity 1: Mux32_4_1
Info: Found 2 design units, including 1 entities, in source file banco_reg.vhd
    Info: Found design unit 1: Banco_reg-behavioral_arch
    Info: Found entity 1: Banco_reg
Info: Found 2 design units, including 1 entities, in source file instr_reg.vhd
    Info: Found design unit 1: Instr_Reg-behavioral_arch
    Info: Found entity 1: Instr_Reg
Info: Found 3 design units, including 1 entities, in source file memoria.vhd
    Info: Found design unit 1: ram_constants
    Info: Found design unit 2: Memoria-behavioral_arch
    Info: Found entity 1: Memoria
Info: Found 2 design units, including 1 entities, in source file regdesloc.vhd
    Info: Found design unit 1: RegDesloc-behavioral_arch
    Info: Found entity 1: RegDesloc
Info: Found 2 design units, including 1 entities, in source file registrador.vhd
    Info: Found design unit 1: Registrador-behavioral_arch
    Info: Found entity 1: Registrador
Info: Found 2 design units, including 1 entities, in source file ula32.vhd
    Info: Found design unit 1: Ula32-behavioral
    Info: Found entity 1: Ula32
Warning (10090): Verilog HDL syntax warning at UP.sv(24): extra block comment delimiter characters /* within block comment
Info: Found 1 design units, including 1 entities, in source file up.sv
    Info: Found entity 1: UP
Info: Found 1 design units, including 1 entities, in source file uc.sv
    Info: Found entity 1: UC
Info: Found 1 design units, including 1 entities, in source file ir.sv
    Info: Found entity 1: IR
Info: Found 1 design units, including 1 entities, in source file extensor_sinal.sv
    Info: Found entity 1: Extensor_sinal
Info: Found 1 design units, including 1 entities, in source file mux32_3_1.sv
    Info: Found entity 1: Mux32_3_1
Critical Warning (10846): Verilog HDL Instantiation warning at UP.sv(220): instance has no name
Critical Warning (10846): Verilog HDL Instantiation warning at UP.sv(240): instance has no name
Info: Elaborating entity "UP" for the top level hierarchy
Info: Elaborating entity "UC" for hierarchy "UC:uni_c"
Warning (10230): Verilog HDL assignment warning at UC.sv(46): truncated value with size 2 to match size of target (1)
Warning (10034): Output port "PCWriteCond" at UC.sv(2) has no driver
Info (10041): Inferred latch for "MemtoReg" at UC.sv(37)
Info (10041): Inferred latch for "RegWrite" at UC.sv(37)
Info (10041): Inferred latch for "RegDst" at UC.sv(37)
Info (10041): Inferred latch for "BWrite" at UC.sv(37)
Info (10041): Inferred latch for "AWrite" at UC.sv(37)
Info (10041): Inferred latch for "PCWrite" at UC.sv(37)
Info (10041): Inferred latch for "PCSource" at UC.sv(37)
Info (10041): Inferred latch for "ALUOp[0]" at UC.sv(37)
Info (10041): Inferred latch for "ALUOp[1]" at UC.sv(37)
Info (10041): Inferred latch for "ALUOp[2]" at UC.sv(37)
Info (10041): Inferred latch for "ALUSrcB[0]" at UC.sv(37)
Info (10041): Inferred latch for "ALUSrcB[1]" at UC.sv(37)
Info (10041): Inferred latch for "ALUSrcA" at UC.sv(37)
Info (10041): Inferred latch for "IRWrite" at UC.sv(37)
Info (10041): Inferred latch for "IorD" at UC.sv(37)
Info (10041): Inferred latch for "MemWrite" at UC.sv(37)
Info: Elaborating entity "Registrador" for hierarchy "Registrador:PC"
Info: Elaborating entity "Mux32_2_1" for hierarchy "Mux32_2_1:mux3221_mem"
Info: Elaborating entity "Memoria" for hierarchy "Memoria:memory"
Info: Elaborating entity "LPM_RAM_DQ" for hierarchy "Memoria:memory|LPM_RAM_DQ:MEM"
Info: Elaborated megafunction instantiation "Memoria:memory|LPM_RAM_DQ:MEM"
Info: Instantiated megafunction "Memoria:memory|LPM_RAM_DQ:MEM" with the following parameter:
    Info: Parameter "LPM_WIDTH" = "8"
    Info: Parameter "LPM_WIDTHAD" = "8"
    Info: Parameter "LPM_NUMWORDS" = "0"
    Info: Parameter "LPM_INDATA" = "REGISTERED"
    Info: Parameter "LPM_ADDRESS_CONTROL" = "REGISTERED"
    Info: Parameter "LPM_OUTDATA" = "REGISTERED"
    Info: Parameter "LPM_FILE" = "instrucoes.mif"
    Info: Parameter "LPM_TYPE" = "LPM_RAM_DQ"
    Info: Parameter "USE_EAB" = "ON"
    Info: Parameter "INTENDED_DEVICE_FAMILY" = "UNUSED"
    Info: Parameter "LPM_HINT" = "UNUSED"
Info: Elaborating entity "altram" for hierarchy "Memoria:memory|LPM_RAM_DQ:MEM|altram:sram"
Warning: Assertion warning: altram does not support Cyclone II device family -- attempting best-case memory conversions, but power-up states and read during write behavior will be different for Cyclone II devices
Info: Elaborated megafunction instantiation "Memoria:memory|LPM_RAM_DQ:MEM|altram:sram", which is child of megafunction instantiation "Memoria:memory|LPM_RAM_DQ:MEM"
Info: Elaborating entity "altsyncram" for hierarchy "Memoria:memory|LPM_RAM_DQ:MEM|altram:sram|altsyncram:ram_block"
Info: Elaborated megafunction instantiation "Memoria:memory|LPM_RAM_DQ:MEM|altram:sram|altsyncram:ram_block", which is child of megafunction instantiation "Memoria:memory|LPM_RAM_DQ:MEM"
Info: Found 1 design units, including 1 entities, in source file db/altsyncram_e1a1.tdf
    Info: Found entity 1: altsyncram_e1a1
Info: Elaborating entity "altsyncram_e1a1" for hierarchy "Memoria:memory|LPM_RAM_DQ:MEM|altram:sram|altsyncram:ram_block|altsyncram_e1a1:auto_generated"
Info: Elaborating entity "Instr_Reg" for hierarchy "Instr_Reg:IR"
Info: Elaborating entity "Mux5_2_1" for hierarchy "Mux5_2_1:mux521"
Info: Elaborating entity "Banco_reg" for hierarchy "Banco_reg:banco_reg"
Info: Elaborating entity "Extensor_sinal" for hierarchy "Extensor_sinal:sign_ex"
Info: Elaborating entity "Mux32_4_1" for hierarchy "Mux32_4_1:comb_5"
Info: Elaborating entity "Ula32" for hierarchy "Ula32:ULA"
Info: Elaborating entity "Mux32_3_1" for hierarchy "Mux32_3_1:comb_6"
Warning: Net is missing source, defaulting to GND
    Warning (12110): Net "pc_source[1]" is missing source, defaulting to GND
Warning: 1 hierarchies have connectivity warnings - see the Connectivity Checks report folder
Info: Duplicate LATCH primitives merged into single LATCH primitive
    Info: Duplicate LATCH primitive "UC:uni_c|ALUOp[1]" merged with LATCH primitive "UC:uni_c|ALUSrcA"
Warning: Output pins are stuck at VCC or GND
    Warning (13410): Pin "alu_result[0]" is stuck at GND
    Warning (13410): Pin "alu_result[1]" is stuck at GND
    Warning (13410): Pin "alu_out[0]" is stuck at GND
    Warning (13410): Pin "alu_out[1]" is stuck at GND
    Warning (13410): Pin "alu_out[2]" is stuck at GND
    Warning (13410): Pin "alu_out[3]" is stuck at GND
    Warning (13410): Pin "alu_out[4]" is stuck at GND
    Warning (13410): Pin "alu_out[5]" is stuck at GND
    Warning (13410): Pin "alu_out[6]" is stuck at GND
    Warning (13410): Pin "alu_out[7]" is stuck at GND
    Warning (13410): Pin "alu_out[8]" is stuck at GND
    Warning (13410): Pin "alu_out[9]" is stuck at GND
    Warning (13410): Pin "alu_out[10]" is stuck at GND
    Warning (13410): Pin "alu_out[11]" is stuck at GND
    Warning (13410): Pin "alu_out[12]" is stuck at GND
    Warning (13410): Pin "alu_out[13]" is stuck at GND
    Warning (13410): Pin "alu_out[14]" is stuck at GND
    Warning (13410): Pin "alu_out[15]" is stuck at GND
    Warning (13410): Pin "alu_out[16]" is stuck at GND
    Warning (13410): Pin "alu_out[17]" is stuck at GND
    Warning (13410): Pin "alu_out[18]" is stuck at GND
    Warning (13410): Pin "alu_out[19]" is stuck at GND
    Warning (13410): Pin "alu_out[20]" is stuck at GND
    Warning (13410): Pin "alu_out[21]" is stuck at GND
    Warning (13410): Pin "alu_out[22]" is stuck at GND
    Warning (13410): Pin "alu_out[23]" is stuck at GND
    Warning (13410): Pin "alu_out[24]" is stuck at GND
    Warning (13410): Pin "alu_out[25]" is stuck at GND
    Warning (13410): Pin "alu_out[26]" is stuck at GND
    Warning (13410): Pin "alu_out[27]" is stuck at GND
    Warning (13410): Pin "alu_out[28]" is stuck at GND
    Warning (13410): Pin "alu_out[29]" is stuck at GND
    Warning (13410): Pin "alu_out[30]" is stuck at GND
    Warning (13410): Pin "alu_out[31]" is stuck at GND
    Warning (13410): Pin "pc_output[0]" is stuck at GND
    Warning (13410): Pin "pc_output[1]" is stuck at GND
    Warning (13410): Pin "mdr_output[0]" is stuck at GND
    Warning (13410): Pin "mdr_output[1]" is stuck at GND
    Warning (13410): Pin "mdr_output[2]" is stuck at GND
    Warning (13410): Pin "mdr_output[3]" is stuck at GND
    Warning (13410): Pin "mdr_output[4]" is stuck at GND
    Warning (13410): Pin "mdr_output[5]" is stuck at GND
    Warning (13410): Pin "mdr_output[6]" is stuck at GND
    Warning (13410): Pin "mdr_output[7]" is stuck at GND
    Warning (13410): Pin "mdr_output[8]" is stuck at GND
    Warning (13410): Pin "mdr_output[9]" is stuck at GND
    Warning (13410): Pin "mdr_output[10]" is stuck at GND
    Warning (13410): Pin "mdr_output[11]" is stuck at GND
    Warning (13410): Pin "mdr_output[12]" is stuck at GND
    Warning (13410): Pin "mdr_output[13]" is stuck at GND
    Warning (13410): Pin "mdr_output[14]" is stuck at GND
    Warning (13410): Pin "mdr_output[15]" is stuck at GND
    Warning (13410): Pin "mdr_output[16]" is stuck at GND
    Warning (13410): Pin "mdr_output[17]" is stuck at GND
    Warning (13410): Pin "mdr_output[18]" is stuck at GND
    Warning (13410): Pin "mdr_output[19]" is stuck at GND
    Warning (13410): Pin "mdr_output[20]" is stuck at GND
    Warning (13410): Pin "mdr_output[21]" is stuck at GND
    Warning (13410): Pin "mdr_output[22]" is stuck at GND
    Warning (13410): Pin "mdr_output[23]" is stuck at GND
    Warning (13410): Pin "mdr_output[24]" is stuck at GND
    Warning (13410): Pin "mdr_output[25]" is stuck at GND
    Warning (13410): Pin "mdr_output[26]" is stuck at GND
    Warning (13410): Pin "mdr_output[27]" is stuck at GND
    Warning (13410): Pin "mdr_output[28]" is stuck at GND
    Warning (13410): Pin "mdr_output[29]" is stuck at GND
    Warning (13410): Pin "mdr_output[30]" is stuck at GND
    Warning (13410): Pin "mdr_output[31]" is stuck at GND
Info: 3 registers lost all their fanouts during netlist optimizations. The first 3 are displayed below.
    Info: Register "UC:uni_c|state~8" lost all its fanouts during netlist optimizations.
    Info: Register "UC:uni_c|state~9" lost all its fanouts during netlist optimizations.
    Info: Register "UC:uni_c|state~10" lost all its fanouts during netlist optimizations.
Info: Generated suppressed messages file C:/Users/nmf2/cpu-mips/atividade1.map.smsg
Info: Implemented 270 device resources after synthesis - the final resource count might be different
    Info: Implemented 2 input pins
    Info: Implemented 192 output pins
    Info: Implemented 44 logic cells
    Info: Implemented 32 RAM segments
Info: Quartus II Analysis & Synthesis was successful. 0 errors, 78 warnings
    Info: Peak virtual memory: 262 megabytes
    Info: Processing ended: Sun Apr 16 15:21:37 2017
    Info: Elapsed time: 00:00:04
    Info: Total CPU time (on all processors): 00:00:04


+------------------------------------------+
; Analysis & Synthesis Suppressed Messages ;
+------------------------------------------+
The suppressed messages can be found in C:/Users/nmf2/cpu-mips/atividade1.map.smsg.


